Starting devbox creation for provider: Docker
Devbox JSON: {
    "name": "devbox",
    "image": "debian",
    "build": {
        "dockerfile": "Dockerfile",
        "context": "."
    },
    "mounts": [],
    "start_on_create": true,
    "remote_user": "vscode",
    "features": {
        "aws-cli": {
            "version": "2.4.18"
        }
    }
}
Generating Dockerfile from features path: /home/kk/code_box/diox_app/devbox/.devbox
FULL: /home/kk/code_box/diox_app/devbox/.devbox/features/aws-cli/devcontainer-feature.json
Loading feature: aws-cli
FULL: /home/kk/code_box/diox_app/devbox/.devbox/features/common-utils/devcontainer-feature.json
Loading feature: common-utils
Resolved Feature Install Order:
Dockerfile so far: ["RUN useradd -m -d /home/vscode vscode", "RUN touch home/vscode/.zshrc", "RUN mkdir /features", "ENV _REMOTE_USER=\"vscode\"", "ENV CONFIGUREZSHASDEFAULTSHELL=false", "ENV INSTALLOHMYZSH=true", "ENV INSTALLOHMYZSHCONFIG=true", "ENV INSTALLZSH=true", "ENV NONFREEPACKAGES=false", "ENV UPGRADEPACKAGES=true", "ENV USERGID=\"automatic\"", "ENV USERUID=\"automatic\"", "ENV USERNAME=\"automatic\"", "COPY ./features/common-utils /features/common-utils", "RUN cd /features/common-utils/ && bash ./install.sh", "ENV _REMOTE_USER=''", "ENV CONFIGUREZSHASDEFAULTSHELL=''", "ENV INSTALLOHMYZSH=''", "ENV INSTALLOHMYZSHCONFIG=''", "ENV INSTALLZSH=''", "ENV NONFREEPACKAGES=''", "ENV UPGRADEPACKAGES=''", "ENV USERGID=''", "ENV USERUID=''", "ENV USERNAME=''", "ENV VERSION=2.4.18", "COPY ./features/aws-cli /features/aws-cli", "RUN cd /features/aws-cli/ && bash ./install.sh", "ENV VERSION=''"]
Final Dockerfile Commands: ["RUN useradd -m -d /home/vscode vscode", "RUN touch home/vscode/.zshrc", "RUN mkdir /features", "ENV _REMOTE_USER=\"vscode\"", "ENV CONFIGUREZSHASDEFAULTSHELL=false", "ENV INSTALLOHMYZSH=true", "ENV INSTALLOHMYZSHCONFIG=true", "ENV INSTALLZSH=true", "ENV NONFREEPACKAGES=false", "ENV UPGRADEPACKAGES=true", "ENV USERGID=\"automatic\"", "ENV USERUID=\"automatic\"", "ENV USERNAME=\"automatic\"", "COPY ./features/common-utils /features/common-utils", "RUN cd /features/common-utils/ && bash ./install.sh", "ENV _REMOTE_USER=''", "ENV CONFIGUREZSHASDEFAULTSHELL=''", "ENV INSTALLOHMYZSH=''", "ENV INSTALLOHMYZSHCONFIG=''", "ENV INSTALLZSH=''", "ENV NONFREEPACKAGES=''", "ENV UPGRADEPACKAGES=''", "ENV USERGID=''", "ENV USERUID=''", "ENV USERNAME=''", "ENV VERSION=2.4.18", "COPY ./features/aws-cli /features/aws-cli", "RUN cd /features/aws-cli/ && bash ./install.sh", "ENV VERSION=''"]
Got build, reading Dockerfile from path...
Features will be applied on top of dockerfile base image.
"FROM debian\nRUN useradd -m -d /home/vscode vscode\nRUN touch home/vscode/.zshrc\nRUN mkdir /features\nENV _REMOTE_USER=\"vscode\"\nENV CONFIGUREZSHASDEFAULTSHELL=false\nENV INSTALLOHMYZSH=true\nENV INSTALLOHMYZSHCONFIG=true\nENV INSTALLZSH=true\nENV NONFREEPACKAGES=false\nENV UPGRADEPACKAGES=true\nENV USERGID=\"automatic\"\nENV USERUID=\"automatic\"\nENV USERNAME=\"automatic\"\nCOPY ./features/common-utils /features/common-utils\nRUN cd /features/common-utils/ && bash ./install.sh\nENV _REMOTE_USER=''\nENV CONFIGUREZSHASDEFAULTSHELL=''\nENV INSTALLOHMYZSH=''\nENV INSTALLOHMYZSHCONFIG=''\nENV INSTALLZSH=''\nENV NONFREEPACKAGES=''\nENV UPGRADEPACKAGES=''\nENV USERGID=''\nENV USERUID=''\nENV USERNAME=''\nENV VERSION=2.4.18\nCOPY ./features/aws-cli /features/aws-cli\nRUN cd /features/aws-cli/ && bash ./install.sh\nENV VERSION=''\nENV CUSTOMENV=KK\nENTRYPOINT [\"sh\", \"-c\", \"sleep 5 && echo Hello from the custom Dockerfile!\"]"
Building image..
Stream Step 1/32 : FROM debian
Stream 
Status: Pulling from library/debian
Status: Digest: sha256:fd8f5a1df07b5195613e4b9a0b6a947d3772a151b81975db27d47f093f60c6e6
Status: Status: Image is up to date for debian:latest
Stream  ---> 61d0976aceca
Stream Step 2/32 : RUN useradd -m -d /home/vscode vscode
Stream 
Stream  ---> Using cache
Stream  ---> 2c069433a4c2
Stream Step 3/32 : RUN touch home/vscode/.zshrc
Stream 
Stream  ---> Using cache
Stream  ---> 7be6816adf40
Stream Step 4/32 : RUN mkdir /features
Stream 
Stream  ---> Using cache
Stream  ---> 6c6e9b574537
Stream Step 5/32 : ENV _REMOTE_USER="vscode"
Stream 
Stream  ---> Using cache
Stream  ---> 942ce93646f6
Stream Step 6/32 : ENV CONFIGUREZSHASDEFAULTSHELL=false
Stream 
Stream  ---> Using cache
Stream  ---> a1115bbc22a6
Stream Step 7/32 : ENV INSTALLOHMYZSH=true
Stream 
Stream  ---> Using cache
Stream  ---> 6401c3fba144
Stream Step 8/32 : ENV INSTALLOHMYZSHCONFIG=true
Stream 
Stream  ---> Using cache
Stream  ---> 9032790a2f5d
Stream Step 9/32 : ENV INSTALLZSH=true
Stream 
Stream  ---> Using cache
Stream  ---> cc317c72a05c
Stream Step 10/32 : ENV NONFREEPACKAGES=false
Stream 
Stream  ---> Using cache
Stream  ---> 43e3fb8e3a96
Stream Step 11/32 : ENV UPGRADEPACKAGES=true
Stream 
Stream  ---> Using cache
Stream  ---> bcfd7e6a2185
Stream Step 12/32 : ENV USERGID="automatic"
Stream 
Stream  ---> Using cache
Stream  ---> c6566cf59581
Stream Step 13/32 : ENV USERUID="automatic"
Stream 
Stream  ---> Using cache
Stream  ---> d44c5d732925
Stream Step 14/32 : ENV USERNAME="automatic"
Stream 
Stream  ---> Using cache
Stream  ---> e84c7f85b0a1
Stream Step 15/32 : COPY ./features/common-utils /features/common-utils
Stream 
Stream  ---> Using cache
Stream  ---> e21785689095
Stream Step 16/32 : RUN cd /features/common-utils/ && bash ./install.sh
Stream 
Stream  ---> Using cache
Stream  ---> d5fbfb358dfb
Stream Step 17/32 : ENV _REMOTE_USER=''
Stream 
Stream  ---> Using cache
Stream  ---> d55fbb040b97
Stream Step 18/32 : ENV CONFIGUREZSHASDEFAULTSHELL=''
Stream 
Stream  ---> Using cache
Stream  ---> af7089f7faa5
Stream Step 19/32 : ENV INSTALLOHMYZSH=''
Stream 
Stream  ---> Using cache
Stream  ---> 3d327d5e0704
Stream Step 20/32 : ENV INSTALLOHMYZSHCONFIG=''
Stream 
Stream  ---> Using cache
Stream  ---> 8ae8eca961e8
Stream Step 21/32 : ENV INSTALLZSH=''
Stream 
Stream  ---> Using cache
Stream  ---> cc5dbc0358cb
Stream Step 22/32 : ENV NONFREEPACKAGES=''
Stream 
Stream  ---> Using cache
Stream  ---> 13c4917ba99f
Stream Step 23/32 : ENV UPGRADEPACKAGES=''
Stream 
Stream  ---> Using cache
Stream  ---> cc7cc6d34785
Stream Step 24/32 : ENV USERGID=''
Stream 
Stream  ---> Using cache
Stream  ---> c7e18ea0c9c6
Stream Step 25/32 : ENV USERUID=''
Stream 
Stream  ---> Using cache
Stream  ---> e2c8f279334a
Stream Step 26/32 : ENV USERNAME=''
Stream 
Stream  ---> Using cache
Stream  ---> 8efec9ed2be7
Stream Step 27/32 : ENV VERSION=2.4.18
Stream 
Stream  ---> Using cache
Stream  ---> 2149329a6137
Stream Step 28/32 : COPY ./features/aws-cli /features/aws-cli
Stream 
Stream  ---> Using cache
Stream  ---> d00219b68409
Stream Step 29/32 : RUN cd /features/aws-cli/ && bash ./install.sh
Stream 
Stream  ---> Using cache
Stream  ---> fc80520e1eff
Stream Step 30/32 : ENV VERSION=''
Stream 
Stream  ---> Using cache
Stream  ---> 0085d93f1db3
Stream Step 31/32 : ENV CUSTOMENV=KK
Stream 
Stream  ---> Using cache
Stream  ---> 7fe3a6478ae9
Stream Step 32/32 : ENTRYPOINT ["sh", "-c", "sleep 5 && echo Hello from the custom Dockerfile!"]
Stream 
Stream  ---> Using cache
Stream  ---> 040417dd301c
Image ID: Some("sha256:040417dd301cb8f211fbf7c9efbf1154d59e94231659fadd53134a5392af9960")
Stream Successfully built 040417dd301c
Stream Successfully tagged devbox:latest
Creating container...
Starting container...
Attaching to container logs...
Hello from the custom Dockerfile!
